COMMAND=['/workspace/scratch/2bd695cff14d/godot472/Godot_v4.7.2-stable_linux.x86_64', '--headless', '--path', '/tmp/qingfeng-test-hoy3_53e/game', '--editor', '--import', '--quit']
EXIT_CODE=0
ELAPSED_SECONDS=9.090
Godot Engine v4.7.2.stable.official.ed1daf0bf - https://godotengine.org

[   0% ] [90m[1mfirst_scan_filesystem[22m | Started Project initialization (5 steps)[39m[0m
[   0% ] [90m[1mfirst_scan_filesystem[22m | Scanning file structure...[39m[0m
[  16% ] [90m[1mfirst_scan_filesystem[22m | Loading global class names...[39m[0m
[  33% ] [90m[1mfirst_scan_filesystem[22m | Verifying GDExtensions...[39m[0m
[  50% ] [90m[1mfirst_scan_filesystem[22m | Creating autoload scripts...[39m[0m
[  66% ] [90m[1mfirst_scan_filesystem[22m | Initializing plugins...[39m[0m
[  83% ] [90m[1mfirst_scan_filesystem[22m | Starting file scan...[39m[0m
[92m[ DONE ][39m [1mfirst_scan_filesystem[22m
[0m
[   0% ] [90m[1mupdate_scripts_classes[22m | Started Registering global classes... (107 steps)[39m[0m
[   0% ] [90m[1mupdate_scripts_classes[22m | [39m[0m
[   0% ] [90m[1mupdate_scripts_classes[22m | [39m[0m
[   1% ] [90m[1mupdate_scripts_classes[22m | [39m[0m
[   2% ] [90m[1mupdate_scripts_classes[22m | [39m[0m
[   3% ] [90m[1mupdate_scripts_classes[22m | [39m[0m
[   4% ] [90m[1mupdate_scripts_classes[22m | [39m[0m
[   5% ] [90m[1mupdate_scripts_classes[22m | [39m[0m
[   6% ] [90m[1mupdate_scripts_classes[22m | [39m[0m
[   7% ] [90m[1mupdate_scripts_classes[22m | [39m[0m
[   8% ] [90m[1mupdate_scripts_classes[22m | [39m[0m
[   9% ] [90m[1mupdate_scripts_classes[22m | [39m[0m
[  10% ] [90m[1mupdate_scripts_classes[22m | [39m[0m
[  11% ] [90m[1mupdate_scripts_classes[22m | [39m[0m
[  12% ] [90m[1mupdate_scripts_classes[22m | [39m[0m
[  12% ] [90m[1mupdate_scripts_classes[22m | [39m[0m
[  13% ] [90m[1mupdate_scripts_classes[22m | [39m[0m
[  14% ] [90m[1mupdate_scripts_classes[22m | [39m[0m
[  15% ] [90m[1mupdate_scripts_classes[22m | [39m[0m
[  16% ] [90m[1mupdate_scripts_classes[22m | [39m[0m
[  17% ] [90m[1mupdate_scripts_classes[22m | [39m[0m
[  18% ] [90m[1mupdate_scripts_classes[22m | [39m[0m
[  19% ] [90m[1mupdate_scripts_classes[22m | [39m[0m
[  20% ] [90m[1mupdate_scripts_classes[22m | [39m[0m
[  21% ] [90m[1mupdate_scripts_classes[22m | [39m[0m
[  22% ] [90m[1mupdate_scripts_classes[22m | [39m[0m
[  23% ] [90m[1mupdate_scripts_classes[22m | [39m[0m
[  24% ] [90m[1mupdate_scripts_classes[22m | [39m[0m
[  25% ] [90m[1mupdate_scripts_classes[22m | [39m[0m
[  25% ] [90m[1mupdate_scripts_classes[22m | [39m[0m
[  26% ] [90m[1mupdate_scripts_classes[22m | [39m[0m
[  27% ] [90m[1mupdate_scripts_classes[22m | [39m[0m
[  28% ] [90m[1mupdate_scripts_classes[22m | [39m[0m
[  29% ] [90m[1mupdate_scripts_classes[22m | [39m[0m
[  30% ] [90m[1mupdate_scripts_classes[22m | [39m[0m
[  31% ] [90m[1mupdate_scripts_classes[22m | [39m[0m
[  32% ] [90m[1mupdate_scripts_classes[22m | [39m[0m
[  33% ] [90m[1mupdate_scripts_classes[22m | [39m[0m
[  34% ] [90m[1mupdate_scripts_classes[22m | [39m[0m
[  35% ] [90m[1mupdate_scripts_classes[22m | [39m[0m
[  36% ] [90m[1mupdate_scripts_classes[22m | [39m[0m
[  37% ] [90m[1mupdate_scripts_classes[22m | [39m[0m
[  37% ] [90m[1mupdate_scripts_classes[22m | [39m[0m
[  38% ] [90m[1mupdate_scripts_classes[22m | [39m[0m
[  39% ] [90m[1mupdate_scripts_classes[22m | [39m[0m
[  40% ] [90m[1mupdate_scripts_classes[22m | [39m[0m
[  41% ] [90m[1mupdate_scripts_classes[22m | [39m[0m
[  42% ] [90m[1mupdate_scripts_classes[22m | [39m[0m
[  43% ] [90m[1mupdate_scripts_classes[22m | [39m[0m
[  44% ] [90m[1mupdate_scripts_classes[22m | [39m[0m
[  45% ] [90m[1mupdate_scripts_classes[22m | [39m[0m
[  46% ] [90m[1mupdate_scripts_classes[22m | [39m[0m
[  47% ] [90m[1mupdate_scripts_classes[22m | [39m[0m
[  48% ] [90m[1mupdate_scripts_classes[22m | [39m[0m
[  49% ] [90m[1mupdate_scripts_classes[22m | [39m[0m
[  50% ] [90m[1mupdate_scripts_classes[22m | [39m[0m
[  50% ] [90m[1mupdate_scripts_classes[22m | [39m[0m
[  51% ] [90m[1mupdate_scripts_classes[22m | [39m[0m
[  52% ] [90m[1mupdate_scripts_classes[22m | [39m[0m
[  53% ] [90m[1mupdate_scripts_classes[22m | [39m[0m
[  54% ] [90m[1mupdate_scripts_classes[22m | [39m[0m
[  55% ] [90m[1mupdate_scripts_classes[22m | [39m[0m
[  56% ] [90m[1mupdate_scripts_classes[22m | [39m[0m
[  57% ] [90m[1mupdate_scripts_classes[22m | [39m[0m
[  58% ] [90m[1mupdate_scripts_classes[22m | [39m[0m
[  59% ] [90m[1mupdate_scripts_classes[22m | [39m[0m
[  60% ] [90m[1mupdate_scripts_classes[22m | [39m[0m
[  61% ] [90m[1mupdate_scripts_classes[22m | [39m[0m
[  62% ] [90m[1mupdate_scripts_classes[22m | [39m[0m
[  62% ] [90m[1mupdate_scripts_classes[22m | [39m[0m
[  63% ] [90m[1mupdate_scripts_classes[22m | [39m[0m
[  64% ] [90m[1mupdate_scripts_classes[22m | [39m[0m
[  65% ] [90m[1mupdate_scripts_classes[22m | [39m[0m
[  66% ] [90m[1mupdate_scripts_classes[22m | [39m[0m
[  67% ] [90m[1mupdate_scripts_classes[22m | [39m[0m
[  68% ] [90m[1mupdate_scripts_classes[22m | [39m[0m
[  69% ] [90m[1mupdate_scripts_classes[22m | [39m[0m
[  70% ] [90m[1mupdate_scripts_classes[22m | [39m[0m
[  71% ] [90m[1mupdate_scripts_classes[22m | [39m[0m
[  72% ] [90m[1mupdate_scripts_classes[22m | [39m[0m
[  73% ] [90m[1mupdate_scripts_classes[22m | [39m[0m
[  74% ] [90m[1mupdate_scripts_classes[22m | [39m[0m
[  75% ] [90m[1mupdate_scripts_classes[22m | [39m[0m
[  75% ] [90m[1mupdate_scripts_classes[22m | [39m[0m
[  76% ] [90m[1mupdate_scripts_classes[22m | [39m[0m
[  77% ] [90m[1mupdate_scripts_classes[22m | [39m[0m
[  78% ] [90m[1mupdate_scripts_classes[22m | [39m[0m
[  79% ] [90m[1mupdate_scripts_classes[22m | [39m[0m
[  80% ] [90m[1mupdate_scripts_classes[22m | [39m[0m
[  81% ] [90m[1mupdate_scripts_classes[22m | [39m[0m
[  82% ] [90m[1mupdate_scripts_classes[22m | [39m[0m
[  83% ] [90m[1mupdate_scripts_classes[22m | [39m[0m
[  84% ] [90m[1mupdate_scripts_classes[22m | [39m[0m
[  85% ] [90m[1mupdate_scripts_classes[22m | [39m[0m
[  86% ] [90m[1mupdate_scripts_classes[22m | [39m[0m
[  87% ] [90m[1mupdate_scripts_classes[22m | [39m[0m
[  87% ] [90m[1mupdate_scripts_classes[22m | [39m[0m
[  88% ] [90m[1mupdate_scripts_classes[22m | [39m[0m
[  89% ] [90m[1mupdate_scripts_classes[22m | [39m[0m
[  90% ] [90m[1mupdate_scripts_classes[22m | [39m[0m
[  91% ] [90m[1mupdate_scripts_classes[22m | [39m[0m
[  92% ] [90m[1mupdate_scripts_classes[22m | [39m[0m
[  93% ] [90m[1mupdate_scripts_classes[22m | [39m[0m
[  94% ] [90m[1mupdate_scripts_classes[22m | [39m[0m
[  95% ] [90m[1mupdate_scripts_classes[22m | [39m[0m
[  96% ] [90m[1mupdate_scripts_classes[22m | [39m[0m
[  97% ] [90m[1mupdate_scripts_classes[22m | [39m[0m
[  98% ] [90m[1mupdate_scripts_classes[22m | [39m[0m
[92m[ DONE ][39m [1mupdate_scripts_classes[22m
[0m
[   0% ] [90m[1m_update_scan_actions[22m | Started Scanning actions... (82 steps)[39m[0m
[   0% ] [90m[1m_update_scan_actions[22m | ui_load.png[39m[0m
[   1% ] [90m[1m_update_scan_actions[22m | ui_new_game.png[39m[0m
[   2% ] [90m[1m_update_scan_actions[22m | ui_title.png[39m[0m
[   3% ] [90m[1m_update_scan_actions[22m | bg.mp3[39m[0m
[   4% ] [90m[1m_update_scan_actions[22m | button_click.ogg[39m[0m
[   6% ] [90m[1m_update_scan_actions[22m | button_focus.ogg[39m[0m
[   7% ] [90m[1m_update_scan_actions[22m | butterfly_idle.png[39m[0m
[   8% ] [90m[1m_update_scan_actions[22m | chicken_idle.png[39m[0m
[   9% ] [90m[1m_update_scan_actions[22m | dog_idle.png[39m[0m
[  10% ] [90m[1m_update_scan_actions[22m | duck_idle.png[39m[0m
[  12% ] [90m[1m_update_scan_actions[22m | apple_tree.png[39m[0m
[  13% ] [90m[1m_update_scan_actions[22m | apple_tree_crown.png[39m[0m
[  14% ] [90m[1m_update_scan_actions[22m | apple_tree_root.png[39m[0m
[  15% ] [90m[1m_update_scan_actions[22m | bush.png[39m[0m
[  16% ] [90m[1m_update_scan_actions[22m | cabbage.png[39m[0m
[  18% ] [90m[1m_update_scan_actions[22m | cherry_tree.png[39m[0m
[  19% ] [90m[1m_update_scan_actions[22m | cherry_tree_crown.png[39m[0m
[  20% ] [90m[1m_update_scan_actions[22m | cherry_tree_root.png[39m[0m
[  21% ] [90m[1m_update_scan_actions[22m | chicken_coop.png[39m[0m
[  22% ] [90m[1m_update_scan_actions[22m | chicken_coop_body.png[39m[0m
[  24% ] [90m[1m_update_scan_actions[22m | chicken_coop_roof.png[39m[0m
[  25% ] [90m[1m_update_scan_actions[22m | courtyard_basin.png[39m[0m
[  26% ] [90m[1m_update_scan_actions[22m | doghouse.png[39m[0m
[  27% ] [90m[1m_update_scan_actions[22m | farmhouse_blue.png[39m[0m
[  28% ] [90m[1m_update_scan_actions[22m | farmhouse_blue_body.png[39m[0m
[  30% ] [90m[1m_update_scan_actions[22m | farmhouse_blue_roof.png[39m[0m
[  31% ] [90m[1m_update_scan_actions[22m | fence.png[39m[0m
[  32% ] [90m[1m_update_scan_actions[22m | fence_post.png[39m[0m
[  33% ] [90m[1m_update_scan_actions[22m | fence_rails_h.png[39m[0m
[  34% ] [90m[1m_update_scan_actions[22m | fence_rails_v.png[39m[0m
[  36% ] [90m[1m_update_scan_actions[22m | pine_tree.png[39m[0m
[  37% ] [90m[1m_update_scan_actions[22m | pine_tree_crown.png[39m[0m
[  38% ] [90m[1m_update_scan_actions[22m | pine_tree_root.png[39m[0m
[  39% ] [90m[1m_update_scan_actions[22m | radish_growing.png[39m[0m
[  40% ] [90m[1m_update_scan_actions[22m | radish_mature.png[39m[0m
[  42% ] [90m[1m_update_scan_actions[22m | rock.png[39m[0m
[  43% ] [90m[1m_update_scan_actions[22m | scarecrow.png[39m[0m
[  44% ] [90m[1m_update_scan_actions[22m | shrub_ground_shadow.png[39m[0m
[  45% ] [90m[1m_update_scan_actions[22m | tool_bench.png[39m[0m
[  46% ] [90m[1m_update_scan_actions[22m | well.png[39m[0m
[  48% ] [90m[1m_update_scan_actions[22m | wood_sign.png[39m[0m
[  49% ] [90m[1m_update_scan_actions[22m | workshop_north_court.png[39m[0m
[  50% ] [90m[1m_update_scan_actions[22m | bank_cliff.png[39m[0m
[  51% ] [90m[1m_update_scan_actions[22m | bank_cliff_cap.png[39m[0m
[  53% ] [90m[1m_update_scan_actions[22m | bank_north.png[39m[0m
[  54% ] [90m[1m_update_scan_actions[22m | boat.png[39m[0m
[  55% ] [90m[1m_update_scan_actions[22m | bridge_deck.png[39m[0m
[  56% ] [90m[1m_update_scan_actions[22m | bridge_post.png[39m[0m
[  57% ] [90m[1m_update_scan_actions[22m | bridge_rail.png[39m[0m
[  59% ] [90m[1m_update_scan_actions[22m | dock_deck.png[39m[0m
[  60% ] [90m[1m_update_scan_actions[22m | reeds.png[39m[0m
[  61% ] [90m[1m_update_scan_actions[22m | waterfall_middle.png[39m[0m
[  62% ] [90m[1m_update_scan_actions[22m | waterfall_mouth.png[39m[0m
[  63% ] [90m[1m_update_scan_actions[22m | waterfall_splash.png[39m[0m
[  65% ] [90m[1m_update_scan_actions[22m | water_animation.png[39m[0m
[  66% ] [90m[1m_update_scan_actions[22m | water_tile.png[39m[0m
[  67% ] [90m[1m_update_scan_actions[22m | dirt_base_16.png[39m[0m
[  68% ] [90m[1m_update_scan_actions[22m | grass_dirt_atlas_16.png[39m[0m
[  69% ] [90m[1m_update_scan_actions[22m | ground_decor_16.png[39m[0m
[  71% ] [90m[1m_update_scan_actions[22m | soil_surfaces_16.png[39m[0m
[  72% ] [90m[1m_update_scan_actions[22m | blank_sign.png[39m[0m
[  73% ] [90m[1m_update_scan_actions[22m | market_blue_white.png[39m[0m
[  74% ] [90m[1m_update_scan_actions[22m | market_blue_white_base.png[39m[0m
[  75% ] [90m[1m_update_scan_actions[22m | market_blue_white_overhang.png[39m[0m
[  77% ] [90m[1m_update_scan_actions[22m | market_orange_white.png[39m[0m
[  78% ] [90m[1m_update_scan_actions[22m | market_orange_white_base.png[39m[0m
[  79% ] [90m[1m_update_scan_actions[22m | market_orange_white_overhang.png[39m[0m
[  80% ] [90m[1m_update_scan_actions[22m | plaza_stone_16.png[39m[0m
[  81% ] [90m[1m_update_scan_actions[22m | stone_gate.png[39m[0m
[  83% ] [90m[1m_update_scan_actions[22m | stone_gate_base.png[39m[0m
[  84% ] [90m[1m_update_scan_actions[22m | stone_gate_overhang.png[39m[0m
[  85% ] [90m[1m_update_scan_actions[22m | stone_wall.png[39m[0m
[  86% ] [90m[1m_update_scan_actions[22m | street_lamp.png[39m[0m
[  87% ] [90m[1m_update_scan_actions[22m | townhouse_red.png[39m[0m
[  89% ] [90m[1m_update_scan_actions[22m | townhouse_red_base.png[39m[0m
[  90% ] [90m[1m_update_scan_actions[22m | townhouse_red_overhang.png[39m[0m
[  91% ] [90m[1m_update_scan_actions[22m | wood_bench.png[39m[0m
[  92% ] [90m[1m_update_scan_actions[22m | NotoSansCJKsc-Regular.otf[39m[0m
[  93% ] [90m[1m_update_scan_actions[22m | farmhouse.png[39m[0m
[  95% ] [90m[1m_update_scan_actions[22m | farm_terrain_16.png[39m[0m
[  96% ] [90m[1m_update_scan_actions[22m | oak_tree.png[39m[0m
[  97% ] [90m[1m_update_scan_actions[22m | player_4dir.png[39m[0m
[92m[ DONE ][39m [1m_update_scan_actions[22m
[0m
[   0% ] [90m[1mreimport[22m | Started (Re)Importing Assets (82 steps)[39m[0m
[   0% ] [90m[1mreimport[22m | Preparing files to reimport...[39m[0m
[   1% ] [90m[1mreimport[22m | Preparing files to reimport...[39m[0m
[   2% ] [90m[1mreimport[22m | Preparing files to reimport...[39m[0m
[   3% ] [90m[1mreimport[22m | Preparing files to reimport...[39m[0m
[   4% ] [90m[1mreimport[22m | Preparing files to reimport...[39m[0m
[   6% ] [90m[1mreimport[22m | Preparing files to reimport...[39m[0m
[   7% ] [90m[1mreimport[22m | Preparing files to reimport...[39m[0m
[   8% ] [90m[1mreimport[22m | Preparing files to reimport...[39m[0m
[   9% ] [90m[1mreimport[22m | Preparing files to reimport...[39m[0m
[  10% ] [90m[1mreimport[22m | Preparing files to reimport...[39m[0m
[  12% ] [90m[1mreimport[22m | Preparing files to reimport...[39m[0m
[  13% ] [90m[1mreimport[22m | Preparing files to reimport...[39m[0m
[  14% ] [90m[1mreimport[22m | Preparing files to reimport...[39m[0m
[  15% ] [90m[1mreimport[22m | Preparing files to reimport...[39m[0m
[  16% ] [90m[1mreimport[22m | Preparing files to reimport...[39m[0m
[  18% ] [90m[1mreimport[22m | Preparing files to reimport...[39m[0m
[  19% ] [90m[1mreimport[22m | Preparing files to reimport...[39m[0m
[  20% ] [90m[1mreimport[22m | Preparing files to reimport...[39m[0m
[  21% ] [90m[1mreimport[22m | Preparing files to reimport...[39m[0m
[  22% ] [90m[1mreimport[22m | Preparing files to reimport...[39m[0m
[  24% ] [90m[1mreimport[22m | Preparing files to reimport...[39m[0m
[  25% ] [90m[1mreimport[22m | Preparing files to reimport...[39m[0m
[  26% ] [90m[1mreimport[22m | Preparing files to reimport...[39m[0m
[  27% ] [90m[1mreimport[22m | Preparing files to reimport...[39m[0m
[  28% ] [90m[1mreimport[22m | Preparing files to reimport...[39m[0m
[  30% ] [90m[1mreimport[22m | Preparing files to reimport...[39m[0m
[  31% ] [90m[1mreimport[22m | Preparing files to reimport...[39m[0m
[  32% ] [90m[1mreimport[22m | Preparing files to reimport...[39m[0m
[  33% ] [90m[1mreimport[22m | Preparing files to reimport...[39m[0m
[  34% ] [90m[1mreimport[22m | Preparing files to reimport...[39m[0m
[  36% ] [90m[1mreimport[22m | Preparing files to reimport...[39m[0m
[  37% ] [90m[1mreimport[22m | Preparing files to reimport...[39m[0m
[  38% ] [90m[1mreimport[22m | Preparing files to reimport...[39m[0m
[  39% ] [90m[1mreimport[22m | Preparing files to reimport...[39m[0m
[  40% ] [90m[1mreimport[22m | Preparing files to reimport...[39m[0m
[  42% ] [90m[1mreimport[22m | Preparing files to reimport...[39m[0m
[  43% ] [90m[1mreimport[22m | Preparing files to reimport...[39m[0m
[  44% ] [90m[1mreimport[22m | Preparing files to reimport...[39m[0m
[  45% ] [90m[1mreimport[22m | Preparing files to reimport...[39m[0m
[  46% ] [90m[1mreimport[22m | Preparing files to reimport...[39m[0m
[  48% ] [90m[1mreimport[22m | Preparing files to reimport...[39m[0m
[  49% ] [90m[1mreimport[22m | Preparing files to reimport...[39m[0m
[  50% ] [90m[1mreimport[22m | Preparing files to reimport...[39m[0m
[  51% ] [90m[1mreimport[22m | Preparing files to reimport...[39m[0m
[  53% ] [90m[1mreimport[22m | Preparing files to reimport...[39m[0m
[  54% ] [90m[1mreimport[22m | Preparing files to reimport...[39m[0m
[  55% ] [90m[1mreimport[22m | Preparing files to reimport...[39m[0m
[  56% ] [90m[1mreimport[22m | Preparing files to reimport...[39m[0m
[  57% ] [90m[1mreimport[22m | Preparing files to reimport...[39m[0m
[  59% ] [90m[1mreimport[22m | Preparing files to reimport...[39m[0m
[  60% ] [90m[1mreimport[22m | Preparing files to reimport...[39m[0m
[  61% ] [90m[1mreimport[22m | Preparing files to reimport...[39m[0m
[  62% ] [90m[1mreimport[22m | Preparing files to reimport...[39m[0m
[  63% ] [90m[1mreimport[22m | Preparing files to reimport...[39m[0m
[  65% ] [90m[1mreimport[22m | Preparing files to reimport...[39m[0m
[  66% ] [90m[1mreimport[22m | Preparing files to reimport...[39m[0m
[  67% ] [90m[1mreimport[22m | Preparing files to reimport...[39m[0m
[  68% ] [90m[1mreimport[22m | Preparing files to reimport...[39m[0m
[  69% ] [90m[1mreimport[22m | Preparing files to reimport...[39m[0m
[  71% ] [90m[1mreimport[22m | Preparing files to reimport...[39m[0m
[  72% ] [90m[1mreimport[22m | Preparing files to reimport...[39m[0m
[  73% ] [90m[1mreimport[22m | Preparing files to reimport...[39m[0m
[  74% ] [90m[1mreimport[22m | Preparing files to reimport...[39m[0m
[  75% ] [90m[1mreimport[22m | Preparing files to reimport...[39m[0m
[  77% ] [90m[1mreimport[22m | Preparing files to reimport...[39m[0m
[  78% ] [90m[1mreimport[22m | Preparing files to reimport...[39m[0m
[  79% ] [90m[1mreimport[22m | Preparing files to reimport...[39m[0m
[  80% ] [90m[1mreimport[22m | Preparing files to reimport...[39m[0m
[  81% ] [90m[1mreimport[22m | Preparing files to reimport...[39m[0m
[  83% ] [90m[1mreimport[22m | Preparing files to reimport...[39m[0m
[  84% ] [90m[1mreimport[22m | Preparing files to reimport...[39m[0m
[  85% ] [90m[1mreimport[22m | Preparing files to reimport...[39m[0m
[  86% ] [90m[1mreimport[22m | Preparing files to reimport...[39m[0m
[  87% ] [90m[1mreimport[22m | Preparing files to reimport...[39m[0m
[  89% ] [90m[1mreimport[22m | Preparing files to reimport...[39m[0m
[  90% ] [90m[1mreimport[22m | Preparing files to reimport...[39m[0m
[  91% ] [90m[1mreimport[22m | Preparing files to reimport...[39m[0m
[  92% ] [90m[1mreimport[22m | Preparing files to reimport...[39m[0m
[  93% ] [90m[1mreimport[22m | Preparing files to reimport...[39m[0m
[  95% ] [90m[1mreimport[22m | Preparing files to reimport...[39m[0m
[  96% ] [90m[1mreimport[22m | Preparing files to reimport...[39m[0m
[  97% ] [90m[1mreimport[22m | Preparing files to reimport...[39m[0m
[   0% ] [90m[1mreimport[22m | Executing pre-reimport operations...[39m[0m
[   0% ] [90m[1mreimport[22m | NotoSansCJKsc-Regular.otf[39m[0m
[   1% ] [90m[1mreimport[22m | bg.mp3[39m[0m
[   2% ] [90m[1mreimport[22m | NotoSansCJKsc-Regular.otf[39m[0m
[   3% ] [90m[1mreimport[22m | bg.mp3[39m[0m
[   4% ] [90m[1mreimport[22m | NotoSansCJKsc-Regular.otf[39m[0m
[   6% ] [90m[1mreimport[22m | bg.mp3[39m[0m
[   7% ] [90m[1mreimport[22m | button_click.ogg[39m[0m
[   8% ] [90m[1mreimport[22m | button_focus.ogg[39m[0m
[   9% ] [90m[1mreimport[22m | market_blue_white.png[39m[0m
[  10% ] [90m[1mreimport[22m | blank_sign.png[39m[0m
[  12% ] [90m[1mreimport[22m | soil_surfaces_16.png[39m[0m
[  13% ] [90m[1mreimport[22m | ground_decor_16.png[39m[0m
[  14% ] [90m[1mreimport[22m | grass_dirt_atlas_16.png[39m[0m
[  15% ] [90m[1mreimport[22m | dirt_base_16.png[39m[0m
[  16% ] [90m[1mreimport[22m | water_tile.png[39m[0m
[  18% ] [90m[1mreimport[22m | water_animation.png[39m[0m
[  19% ] [90m[1mreimport[22m | waterfall_splash.png[39m[0m
[  20% ] [90m[1mreimport[22m | waterfall_mouth.png[39m[0m
[  21% ] [90m[1mreimport[22m | waterfall_middle.png[39m[0m
[  22% ] [90m[1mreimport[22m | reeds.png[39m[0m
[  24% ] [90m[1mreimport[22m | dock_deck.png[39m[0m
[  25% ] [90m[1mreimport[22m | bridge_rail.png[39m[0m
[  26% ] [90m[1mreimport[22m | bridge_post.png[39m[0m
[  27% ] [90m[1mreimport[22m | bridge_deck.png[39m[0m
[  28% ] [90m[1mreimport[22m | boat.png[39m[0m
[  30% ] [90m[1mreimport[22m | bank_north.png[39m[0m
[  31% ] [90m[1mreimport[22m | bank_cliff_cap.png[39m[0m
[  32% ] [90m[1mreimport[22m | player_4dir.png[39m[0m
[  33% ] [90m[1mreimport[22m | oak_tree.png[39m[0m
[  34% ] [90m[1mreimport[22m | farm_terrain_16.png[39m[0m
[  36% ] [90m[1mreimport[22m | farmhouse.png[39m[0m
[  37% ] [90m[1mreimport[22m | wood_bench.png[39m[0m
[  38% ] [90m[1mreimport[22m | townhouse_red_overhang.png[39m[0m
[  39% ] [90m[1mreimport[22m | townhouse_red_base.png[39m[0m
[  40% ] [90m[1mreimport[22m | townhouse_red.png[39m[0m
[  42% ] [90m[1mreimport[22m | street_lamp.png[39m[0m
[  43% ] [90m[1mreimport[22m | stone_wall.png[39m[0m
[  44% ] [90m[1mreimport[22m | stone_gate_overhang.png[39m[0m
[  45% ] [90m[1mreimport[22m | stone_gate_base.png[39m[0m
[  46% ] [90m[1mreimport[22m | stone_gate.png[39m[0m
[  48% ] [90m[1mreimport[22m | plaza_stone_16.png[39m[0m
[  49% ] [90m[1mreimport[22m | market_orange_white_overhang.png[39m[0m
[  50% ] [90m[1mreimport[22m | market_orange_white_base.png[39m[0m
[  51% ] [90m[1mreimport[22m | market_orange_white.png[39m[0m
[  53% ] [90m[1mreimport[22m | market_blue_white_overhang.png[39m[0m
[  54% ] [90m[1mreimport[22m | market_blue_white_base.png[39m[0m
[  55% ] [90m[1mreimport[22m | doghouse.png[39m[0m
[  56% ] [90m[1mreimport[22m | courtyard_basin.png[39m[0m
[  57% ] [90m[1mreimport[22m | chicken_coop_roof.png[39m[0m
[  59% ] [90m[1mreimport[22m | chicken_coop_body.png[39m[0m
[  60% ] [90m[1mreimport[22m | chicken_coop.png[39m[0m
[  61% ] [90m[1mreimport[22m | cherry_tree_root.png[39m[0m
[  62% ] [90m[1mreimport[22m | cherry_tree_crown.png[39m[0m
[  63% ] [90m[1mreimport[22m | cherry_tree.png[39m[0m
[  65% ] [90m[1mreimport[22m | cabbage.png[39m[0m
[  66% ] [90m[1mreimport[22m | bush.png[39m[0m
[  67% ] [90m[1mreimport[22m | apple_tree_root.png[39m[0m
[  68% ] [90m[1mreimport[22m | apple_tree_crown.png[39m[0m
[  69% ] [90m[1mreimport[22m | apple_tree.png[39m[0m
[  71% ] [90m[1mreimport[22m | duck_idle.png[39m[0m
[  72% ] [90m[1mreimport[22m | dog_idle.png[39m[0m
[  73% ] [90m[1mreimport[22m | chicken_idle.png[39m[0m
[  74% ] [90m[1mreimport[22m | butterfly_idle.png[39m[0m
[  75% ] [90m[1mreimport[22m | ui_title.png[39m[0m
[  77% ] [90m[1mreimport[22m | ui_new_game.png[39m[0m
[  78% ] [90m[1mreimport[22m | ui_load.png[39m[0m
[  79% ] [90m[1mreimport[22m | bank_cliff.png[39m[0m
[  80% ] [90m[1mreimport[22m | workshop_north_court.png[39m[0m
[  81% ] [90m[1mreimport[22m | wood_sign.png[39m[0m
[  83% ] [90m[1mreimport[22m | well.png[39m[0m
[  84% ] [90m[1mreimport[22m | tool_bench.png[39m[0m
[  85% ] [90m[1mreimport[22m | shrub_ground_shadow.png[39m[0m
[  86% ] [90m[1mreimport[22m | scarecrow.png[39m[0m
[  87% ] [90m[1mreimport[22m | rock.png[39m[0m
[  89% ] [90m[1mreimport[22m | radish_mature.png[39m[0m
[  90% ] [90m[1mreimport[22m | radish_growing.png[39m[0m
[  91% ] [90m[1mreimport[22m | pine_tree_root.png[39m[0m
[  92% ] [90m[1mreimport[22m | pine_tree_crown.png[39m[0m
[  93% ] [90m[1mreimport[22m | pine_tree.png[39m[0m
[  95% ] [90m[1mreimport[22m | fence_rails_v.png[39m[0m
[  96% ] [90m[1mreimport[22m | fence_rails_h.png[39m[0m
[  97% ] [90m[1mreimport[22m | fence_post.png[39m[0m
[  98% ] [90m[1mreimport[22m | Finalizing Asset Import...[39m[0m
[92m[ DONE ][39m [1mreimport[22m
[0m
[   0% ] [90m[1mreimport[22m | Started (Re)Importing Assets (82 steps)[39m[0m
[   0% ] [90m[1mreimport[22m | Executing post-reimport operations...[39m[0m
[92m[ DONE ][39m [1mreimport[22m
[0m
[   0% ] [90m[1mloading_editor_layout[22m | Started Loading editor (5 steps)[39m[0m
[   0% ] [90m[1mloading_editor_layout[22m | Loading editor layout...[39m[0m
[  16% ] [90m[1mloading_editor_layout[22m | Loading docks...[39m[0m
[92m[ DONE ][39m [1mloading_editor_layout[22m
[0m
