Godot Engine v4.7.2.stable.official.ed1daf0bf - https://godotengine.org

OBJECT_ANCHOR_FAIL res://world/objects/ambient_butterfly.tscn Sprite2D anchor=(8.0, 8.0) intended=(0.0, 0.0) actual=(-8.0, -8.0)
OBJECT_ANCHOR_FAIL res://world/objects/cherry_tree.tscn Sprite2D anchor=(56.0, 110.0) intended=(0.0, 0.0) actual=(-56.0, -56.0)
OBJECT_ANCHOR_FAIL res://world/objects/chicken_coop.tscn Body anchor=(36.0, 86.0) intended=(0.0, 0.0) actual=(-36.0, -44.0)
OBJECT_ANCHOR_FAIL res://world/objects/chicken_coop.tscn Roof anchor=(36.0, 86.0) intended=(0.0, 0.0) actual=(-36.0, -44.0)
OBJECT_ANCHOR_FAIL res://world/objects/farmhouse.tscn Sprite2D anchor=(96.0, 149.0) intended=(0.0, 0.0) actual=(-96.0, -76.0)
OBJECT_ANCHOR_FAIL res://world/objects/farmhouse.tscn Roof anchor=(96.0, 149.0) intended=(0.0, 0.0) actual=(-96.0, -76.0)
OBJECT_ANCHOR_FAIL res://world/objects/field_cabbage.tscn Sprite2D anchor=(24.0, 30.0) intended=(0.0, 0.0) actual=(-24.0, -16.0)
OBJECT_ANCHOR_FAIL res://world/objects/field_rock.tscn Sprite2D anchor=(32.0, 62.0) intended=(0.0, 0.0) actual=(-32.0, -32.0)
OBJECT_ANCHOR_FAIL res://world/objects/field_scarecrow.tscn Sprite2D anchor=(24.0, 62.0) intended=(0.0, 0.0) actual=(-24.0, -32.0)
OBJECT_ANCHOR_FAIL res://world/objects/market_stall.tscn Sprite2D anchor=(32.0, 46.0) intended=(0.0, 0.0) actual=(-32.0, -24.0)
OBJECT_ANCHOR_FAIL res://world/objects/market_stall_orange.tscn Sprite2D anchor=(32.0, 46.0) intended=(0.0, 0.0) actual=(-32.0, -24.0)
OBJECT_ANCHOR_FAIL res://world/objects/orchard_oak.tscn Sprite2D anchor=(48.0, 126.0) intended=(0.0, 0.0) actual=(-48.0, -64.0)
OBJECT_ANCHOR_FAIL res://world/objects/pine_tree.tscn Sprite2D anchor=(48.0, 126.0) intended=(0.0, 0.0) actual=(-48.0, -64.0)
OBJECT_ANCHOR_FAIL res://world/objects/river_bank_cliff.tscn Sprite2D anchor=(16.0, 32.0) intended=(0.0, 0.0) actual=(-16.0, -16.0)
OBJECT_ANCHOR_FAIL res://world/objects/river_boat.tscn Sprite2D anchor=(16.0, 28.0) intended=(0.0, 0.0) actual=(-16.0, -16.0)
OBJECT_ANCHOR_FAIL res://world/objects/river_duck.tscn Sprite2D anchor=(16.0, 22.0) intended=(0.0, 0.0) actual=(-16.0, -16.0)
OBJECT_ANCHOR_FAIL res://world/objects/river_reeds.tscn Sprite2D anchor=(16.0, 29.0) intended=(0.0, 0.0) actual=(-16.0, -16.0)
OBJECT_ANCHOR_FAIL res://world/objects/town_gate.tscn Sprite2D anchor=(32.0, 60.0) intended=(0.0, 0.0) actual=(-32.0, -32.0)
OBJECT_ANCHOR_FAIL res://world/objects/town_house.tscn Sprite2D anchor=(48.0, 93.0) intended=(0.0, -1.0) actual=(-48.0, -49.0)
OBJECT_ANCHOR_FAIL res://world/objects/yard_bush.tscn Sprite2D anchor=(32.0, 62.0) intended=(0.0, 0.0) actual=(-32.0, -32.0)
OBJECT_ANCHOR_FAIL res://world/objects/yard_chicken.tscn Sprite2D anchor=(12.0, 21.0) intended=(0.0, 0.0) actual=(-12.0, -12.0)
OBJECT_ANCHOR_FAIL res://world/objects/yard_dog.tscn Sprite2D anchor=(16.0, 29.0) intended=(0.0, 0.0) actual=(-16.0, -16.0)
OBJECT_ANCHOR_FAIL res://world/objects/yard_doghouse.tscn Sprite2D anchor=(32.0, 78.0) intended=(0.0, 0.0) actual=(-32.0, -40.0)
OBJECT_ANCHOR_FAIL res://world/objects/yard_tool_bench.tscn Sprite2D anchor=(48.0, 78.0) intended=(0.0, 0.0) actual=(-48.0, -40.0)
OBJECT_ANCHOR_FAIL res://world/objects/yard_well.tscn Sprite2D anchor=(40.0, 94.0) intended=(0.0, 0.0) actual=(-40.0, -48.0)
OBJECT_ANCHOR_FAIL res://world/farm_first_screen.tscn Farmhouse/Sprite2D anchor=(96.0, 149.0) intended=(0.0, 0.0) actual=(-96.0, -76.0)
OBJECT_ANCHOR_FAIL res://world/farm_first_screen.tscn Farmhouse/Roof anchor=(96.0, 149.0) intended=(0.0, 0.0) actual=(-96.0, -76.0)
OBJECT_ANCHOR_FAIL res://world/farm_first_screen.tscn FootSorted/OrchardOak01/Sprite2D anchor=(48.0, 126.0) intended=(0.0, 0.0) actual=(-48.0, -64.0)
OBJECT_ANCHOR_FAIL res://world/farm_first_screen.tscn FootSorted/OrchardOak02/Sprite2D anchor=(48.0, 126.0) intended=(0.0, 0.0) actual=(-48.0, -64.0)
OBJECT_ANCHOR_FAIL res://world/farm_first_screen.tscn FootSorted/OrchardOak03/Sprite2D anchor=(48.0, 126.0) intended=(0.0, 0.0) actual=(-48.0, -64.0)
OBJECT_ANCHOR_FAIL res://world/farm_first_screen.tscn FootSorted/OrchardOak04/Sprite2D anchor=(48.0, 126.0) intended=(0.0, 0.0) actual=(-48.0, -64.0)
OBJECT_ANCHOR_FAIL res://world/farm_first_screen.tscn FootSorted/OrchardOak05/Sprite2D anchor=(48.0, 126.0) intended=(0.0, 0.0) actual=(-48.0, -64.0)
OBJECT_ANCHOR_FAIL res://world/farm_first_screen.tscn FootSorted/OrchardOak06/Sprite2D anchor=(48.0, 126.0) intended=(0.0, 0.0) actual=(-48.0, -64.0)
OBJECT_ANCHOR_FAIL res://world/farm_first_screen.tscn FootSorted/OrchardOak07/Sprite2D anchor=(48.0, 126.0) intended=(0.0, 0.0) actual=(-48.0, -64.0)
OBJECT_ANCHOR_FAIL res://world/farm_first_screen.tscn FootSorted/OrchardOak08/Sprite2D anchor=(48.0, 126.0) intended=(0.0, 0.0) actual=(-48.0, -64.0)
OBJECT_ANCHOR_FAIL res://world/farm_first_screen.tscn FootSorted/OrchardOak09/Sprite2D anchor=(48.0, 126.0) intended=(0.0, 0.0) actual=(-48.0, -64.0)
OBJECT_ANCHOR_FAIL res://world/farm_first_screen.tscn FootSorted/OrchardOak10/Sprite2D anchor=(48.0, 126.0) intended=(0.0, 0.0) actual=(-48.0, -64.0)
OBJECT_ANCHOR_FAIL res://world/farm_first_screen.tscn FootSorted/OrchardOak11/Sprite2D anchor=(48.0, 126.0) intended=(0.0, 0.0) actual=(-48.0, -64.0)
OBJECT_ANCHOR_FAIL res://world/farm_first_screen.tscn FootSorted/OrchardOak12/Sprite2D anchor=(48.0, 126.0) intended=(0.0, 0.0) actual=(-48.0, -64.0)
OBJECT_ANCHOR_FAIL res://world/farm_first_screen.tscn FootSorted/OrchardCherry01/Sprite2D anchor=(56.0, 110.0) intended=(0.0, 0.0) actual=(-56.0, -56.0)
OBJECT_ANCHOR_FAIL res://world/farm_first_screen.tscn FootSorted/OrchardCherry02/Sprite2D anchor=(56.0, 110.0) intended=(0.0, 0.0) actual=(-56.0, -56.0)
OBJECT_ANCHOR_FAIL res://world/farm_first_screen.tscn FootSorted/EastForest00/Sprite2D anchor=(48.0, 126.0) intended=(0.0, 0.0) actual=(-48.0, -64.0)
OBJECT_ANCHOR_FAIL res://world/farm_first_screen.tscn FootSorted/EastForest01/Sprite2D anchor=(48.0, 126.0) intended=(0.0, 0.0) actual=(-48.0, -64.0)
OBJECT_ANCHOR_FAIL res://world/farm_first_screen.tscn FootSorted/EastForest02/Sprite2D anchor=(48.0, 126.0) intended=(0.0, 0.0) actual=(-48.0, -64.0)
OBJECT_ANCHOR_FAIL res://world/farm_first_screen.tscn FootSorted/EastForest03/Sprite2D anchor=(48.0, 126.0) intended=(0.0, 0.0) actual=(-48.0, -64.0)
OBJECT_ANCHOR_FAIL res://world/farm_first_screen.tscn FootSorted/EastForest04/Sprite2D anchor=(48.0, 126.0) intended=(0.0, 0.0) actual=(-48.0, -64.0)
OBJECT_ANCHOR_FAIL res://world/farm_first_screen.tscn FootSorted/EastForest05/Sprite2D anchor=(48.0, 126.0) intended=(0.0, 0.0) actual=(-48.0, -64.0)
OBJECT_ANCHOR_FAIL res://world/farm_first_screen.tscn FootSorted/EastForest06/Sprite2D anchor=(48.0, 126.0) intended=(0.0, 0.0) actual=(-48.0, -64.0)
OBJECT_ANCHOR_FAIL res://world/farm_first_screen.tscn FootSorted/NorthBoundaryPine00/Sprite2D anchor=(48.0, 126.0) intended=(0.0, 0.0) actual=(-48.0, -64.0)
OBJECT_ANCHOR_FAIL res://world/farm_first_screen.tscn FootSorted/NorthBoundaryPine01/Sprite2D anchor=(48.0, 126.0) intended=(0.0, 0.0) actual=(-48.0, -64.0)
OBJECT_ANCHOR_FAIL res://world/farm_first_screen.tscn FootSorted/NorthBoundaryPine02/Sprite2D anchor=(48.0, 126.0) intended=(0.0, 0.0) actual=(-48.0, -64.0)
OBJECT_ANCHOR_FAIL res://world/farm_first_screen.tscn FootSorted/NorthBoundaryPine03/Sprite2D anchor=(48.0, 126.0) intended=(0.0, 0.0) actual=(-48.0, -64.0)
OBJECT_ANCHOR_FAIL res://world/farm_first_screen.tscn FootSorted/NorthBoundaryPine04/Sprite2D anchor=(48.0, 126.0) intended=(0.0, 0.0) actual=(-48.0, -64.0)
OBJECT_ANCHOR_FAIL res://world/farm_first_screen.tscn FootSorted/NorthBoundaryPine05/Sprite2D anchor=(48.0, 126.0) intended=(0.0, 0.0) actual=(-48.0, -64.0)
OBJECT_ANCHOR_FAIL res://world/farm_first_screen.tscn FootSorted/NorthBoundaryPine06/Sprite2D anchor=(48.0, 126.0) intended=(0.0, 0.0) actual=(-48.0, -64.0)
OBJECT_ANCHOR_FAIL res://world/farm_first_screen.tscn FootSorted/NorthBoundaryPine07/Sprite2D anchor=(48.0, 126.0) intended=(0.0, 0.0) actual=(-48.0, -64.0)
OBJECT_ANCHOR_FAIL res://world/farm_first_screen.tscn FootSorted/NorthBoundaryPine08/Sprite2D anchor=(48.0, 126.0) intended=(0.0, 0.0) actual=(-48.0, -64.0)
OBJECT_ANCHOR_FAIL res://world/farm_first_screen.tscn FootSorted/NorthBoundaryPine09/Sprite2D anchor=(48.0, 126.0) intended=(0.0, 0.0) actual=(-48.0, -64.0)
OBJECT_ANCHOR_FAIL res://world/farm_first_screen.tscn FootSorted/WestBoundaryPine00/Sprite2D anchor=(48.0, 126.0) intended=(0.0, 0.0) actual=(-48.0, -64.0)
OBJECT_ANCHOR_FAIL res://world/farm_first_screen.tscn FootSorted/WestBoundaryPine01/Sprite2D anchor=(48.0, 126.0) intended=(0.0, 0.0) actual=(-48.0, -64.0)
OBJECT_ANCHOR_FAIL res://world/farm_first_screen.tscn FootSorted/WestBoundaryPine02/Sprite2D anchor=(48.0, 126.0) intended=(0.0, 0.0) actual=(-48.0, -64.0)
OBJECT_ANCHOR_FAIL res://world/farm_first_screen.tscn FootSorted/WestBoundaryPine03/Sprite2D anchor=(48.0, 126.0) intended=(0.0, 0.0) actual=(-48.0, -64.0)
OBJECT_ANCHOR_FAIL res://world/farm_first_screen.tscn FootSorted/WestBoundaryPine04/Sprite2D anchor=(48.0, 126.0) intended=(0.0, 0.0) actual=(-48.0, -64.0)
OBJECT_ANCHOR_FAIL res://world/farm_first_screen.tscn FootSorted/WestBoundaryPine05/Sprite2D anchor=(48.0, 126.0) intended=(0.0, 0.0) actual=(-48.0, -64.0)
OBJECT_ANCHOR_FAIL res://world/farm_first_screen.tscn FootSorted/WestBoundaryPine06/Sprite2D anchor=(48.0, 126.0) intended=(0.0, 0.0) actual=(-48.0, -64.0)
OBJECT_ANCHOR_FAIL res://world/farm_first_screen.tscn FootSorted/WestBoundaryPine07/Sprite2D anchor=(48.0, 126.0) intended=(0.0, 0.0) actual=(-48.0, -64.0)
OBJECT_ANCHOR_FAIL res://world/farm_first_screen.tscn FootSorted/WestBoundaryPine08/Sprite2D anchor=(48.0, 126.0) intended=(0.0, 0.0) actual=(-48.0, -64.0)
OBJECT_ANCHOR_FAIL res://world/farm_first_screen.tscn FootSorted/WestBoundaryPine09/Sprite2D anchor=(48.0, 126.0) intended=(0.0, 0.0) actual=(-48.0, -64.0)
OBJECT_ANCHOR_FAIL res://world/farm_first_screen.tscn FootSorted/WestBoundaryPine10/Sprite2D anchor=(48.0, 126.0) intended=(0.0, 0.0) actual=(-48.0, -64.0)
OBJECT_ANCHOR_FAIL res://world/farm_first_screen.tscn FootSorted/WestBoundaryPine11/Sprite2D anchor=(48.0, 126.0) intended=(0.0, 0.0) actual=(-48.0, -64.0)
OBJECT_ANCHOR_FAIL res://world/farm_first_screen.tscn FootSorted/SouthBoundaryPine00/Sprite2D anchor=(48.0, 126.0) intended=(0.0, 0.0) actual=(-48.0, -64.0)
OBJECT_ANCHOR_FAIL res://world/farm_first_screen.tscn FootSorted/SouthBoundaryPine01/Sprite2D anchor=(48.0, 126.0) intended=(0.0, 0.0) actual=(-48.0, -64.0)
OBJECT_ANCHOR_FAIL res://world/farm_first_screen.tscn FootSorted/SouthBoundaryPine02/Sprite2D anchor=(48.0, 126.0) intended=(0.0, 0.0) actual=(-48.0, -64.0)
OBJECT_ANCHOR_FAIL res://world/farm_first_screen.tscn FootSorted/SouthBoundaryPine03/Sprite2D anchor=(48.0, 126.0) intended=(0.0, 0.0) actual=(-48.0, -64.0)
OBJECT_ANCHOR_FAIL res://world/farm_first_screen.tscn FootSorted/SouthBoundaryPine04/Sprite2D anchor=(48.0, 126.0) intended=(0.0, 0.0) actual=(-48.0, -64.0)
OBJECT_ANCHOR_FAIL res://world/farm_first_screen.tscn FootSorted/SouthBoundaryPine05/Sprite2D anchor=(48.0, 126.0) intended=(0.0, 0.0) actual=(-48.0, -64.0)
OBJECT_ANCHOR_FAIL res://world/farm_first_screen.tscn FootSorted/SouthBoundaryPine06/Sprite2D anchor=(48.0, 126.0) intended=(0.0, 0.0) actual=(-48.0, -64.0)
OBJECT_ANCHOR_FAIL res://world/farm_first_screen.tscn FootSorted/SouthBoundaryPine07/Sprite2D anchor=(48.0, 126.0) intended=(0.0, 0.0) actual=(-48.0, -64.0)
OBJECT_ANCHOR_FAIL res://world/farm_first_screen.tscn FootSorted/SouthBoundaryPine08/Sprite2D anchor=(48.0, 126.0) intended=(0.0, 0.0) actual=(-48.0, -64.0)
OBJECT_ANCHOR_FAIL res://world/farm_first_screen.tscn FootSorted/SouthBoundaryPine09/Sprite2D anchor=(48.0, 126.0) intended=(0.0, 0.0) actual=(-48.0, -64.0)
OBJECT_ANCHOR_FAIL res://world/farm_first_screen.tscn FootSorted/YardWell/Sprite2D anchor=(40.0, 94.0) intended=(0.0, 0.0) actual=(-40.0, -48.0)
OBJECT_ANCHOR_FAIL res://world/farm_first_screen.tscn FootSorted/ChickenCoop/Body anchor=(36.0, 86.0) intended=(0.0, 0.0) actual=(-36.0, -44.0)
OBJECT_ANCHOR_FAIL res://world/farm_first_screen.tscn FootSorted/ChickenCoop/Roof anchor=(36.0, 86.0) intended=(0.0, 0.0) actual=(-36.0, -44.0)
OBJECT_ANCHOR_FAIL res://world/farm_first_screen.tscn FootSorted/Doghouse/Sprite2D anchor=(32.0, 78.0) intended=(0.0, 0.0) actual=(-32.0, -40.0)
OBJECT_ANCHOR_FAIL res://world/farm_first_screen.tscn FootSorted/ToolBench/Sprite2D anchor=(48.0, 78.0) intended=(0.0, 0.0) actual=(-48.0, -40.0)
OBJECT_ANCHOR_FAIL res://world/farm_first_screen.tscn FootSorted/YardDog/Sprite2D anchor=(16.0, 29.0) intended=(0.0, 0.0) actual=(-16.0, -16.0)
OBJECT_ANCHOR_FAIL res://world/farm_first_screen.tscn FootSorted/YardChicken01/Sprite2D anchor=(12.0, 21.0) intended=(0.0, 0.0) actual=(-12.0, -12.0)
OBJECT_ANCHOR_FAIL res://world/farm_first_screen.tscn FootSorted/YardChicken02/Sprite2D anchor=(12.0, 21.0) intended=(0.0, 0.0) actual=(-12.0, -12.0)
OBJECT_ANCHOR_FAIL res://world/farm_first_screen.tscn FootSorted/OrchardButterfly/Sprite2D anchor=(8.0, 8.0) intended=(0.0, 0.0) actual=(-8.0, -8.0)
OBJECT_ANCHOR_FAIL res://world/farm_first_screen.tscn FootSorted/SouthWestRock00/Sprite2D anchor=(32.0, 62.0) intended=(0.0, 0.0) actual=(-32.0, -32.0)
OBJECT_ANCHOR_FAIL res://world/farm_first_screen.tscn FootSorted/SouthWestRock01/Sprite2D anchor=(32.0, 62.0) intended=(0.0, 0.0) actual=(-32.0, -32.0)
OBJECT_ANCHOR_FAIL res://world/farm_first_screen.tscn FootSorted/SouthWestRock02/Sprite2D anchor=(32.0, 62.0) intended=(0.0, 0.0) actual=(-32.0, -32.0)
OBJECT_ANCHOR_FAIL res://world/farm_first_screen.tscn FootSorted/SouthWestRock03/Sprite2D anchor=(32.0, 62.0) intended=(0.0, 0.0) actual=(-32.0, -32.0)
OBJECT_ANCHOR_FAIL res://world/farm_first_screen.tscn FootSorted/SouthWestRock04/Sprite2D anchor=(32.0, 62.0) intended=(0.0, 0.0) actual=(-32.0, -32.0)
OBJECT_ANCHOR_FAIL res://world/farm_first_screen.tscn FootSorted/SouthWestRock05/Sprite2D anchor=(32.0, 62.0) intended=(0.0, 0.0) actual=(-32.0, -32.0)
OBJECT_ANCHOR_FAIL res://world/farm_first_screen.tscn FootSorted/SouthWestRock06/Sprite2D anchor=(32.0, 62.0) intended=(0.0, 0.0) actual=(-32.0, -32.0)
OBJECT_ANCHOR_FAIL res://world/farm_first_screen.tscn FootSorted/OrchardBush01/Sprite2D anchor=(32.0, 62.0) intended=(0.0, 0.0) actual=(-32.0, -32.0)
OBJECT_ANCHOR_FAIL res://world/farm_first_screen.tscn FootSorted/OrchardBush02/Sprite2D anchor=(32.0, 62.0) intended=(0.0, 0.0) actual=(-32.0, -32.0)
OBJECT_ANCHOR_FAIL res://world/farm_first_screen.tscn FootSorted/FieldScarecrow/Sprite2D anchor=(24.0, 62.0) intended=(0.0, 0.0) actual=(-24.0, -32.0)
OBJECT_ANCHOR_FAIL res://world/farm_first_screen.tscn FootSorted/DockBoat/Sprite2D anchor=(16.0, 28.0) intended=(0.0, 0.0) actual=(-16.0, -16.0)
OBJECT_ANCHOR_FAIL res://world/farm_first_screen.tscn FootSorted/RiverDuck01/Sprite2D anchor=(16.0, 22.0) intended=(0.0, 0.0) actual=(-16.0, -16.0)
OBJECT_ANCHOR_FAIL res://world/farm_first_screen.tscn FootSorted/RiverDuck02/Sprite2D anchor=(16.0, 22.0) intended=(0.0, 0.0) actual=(-16.0, -16.0)
OBJECT_ANCHOR_FAIL res://world/farm_first_screen.tscn FootSorted/RiverReedsWest/Sprite2D anchor=(16.0, 29.0) intended=(0.0, 0.0) actual=(-16.0, -16.0)
OBJECT_ANCHOR_FAIL res://world/farm_first_screen.tscn FootSorted/RiverReedsEast/Sprite2D anchor=(16.0, 29.0) intended=(0.0, 0.0) actual=(-16.0, -16.0)
OBJECT_ANCHOR_FAIL res://world/farm_first_screen.tscn FootSorted/FarmVillageGate/Sprite2D anchor=(32.0, 60.0) intended=(0.0, 0.0) actual=(-32.0, -32.0)
OBJECT_ANCHOR_FAIL res://world/farm_first_screen.tscn FootSorted/FarmNorthTownhouseWest/Sprite2D anchor=(48.0, 93.0) intended=(0.0, -1.0) actual=(-48.0, -49.0)
OBJECT_ANCHOR_FAIL res://world/farm_first_screen.tscn FootSorted/FarmNorthTownhouseEast/Sprite2D anchor=(48.0, 93.0) intended=(0.0, -1.0) actual=(-48.0, -49.0)
OBJECT_ANCHOR_FAIL res://world/farm_first_screen.tscn FootSorted/FarmNorthMarketWest/Sprite2D anchor=(32.0, 46.0) intended=(0.0, 0.0) actual=(-32.0, -24.0)
OBJECT_ANCHOR_FAIL res://world/farm_first_screen.tscn FootSorted/FarmNorthMarketEast/Sprite2D anchor=(32.0, 46.0) intended=(0.0, 0.0) actual=(-32.0, -24.0)
OBJECT_ANCHOR_FAIL res://world/farm_first_screen.tscn FootSorted/NorthTownHedgeWest/Sprite2D anchor=(32.0, 62.0) intended=(0.0, 0.0) actual=(-32.0, -32.0)
OBJECT_ANCHOR_FAIL res://world/farm_first_screen.tscn FootSorted/NorthTownHedgeEast/Sprite2D anchor=(32.0, 62.0) intended=(0.0, 0.0) actual=(-32.0, -32.0)
OBJECT_ANCHOR_FAIL res://world/farm_first_screen.tscn FootSorted/FarmTownLampWest/@Sprite2D@110 anchor=(8.0, 47.0) intended=(0.0, 1.0) actual=(-8.0, -23.0)
OBJECT_ANCHOR_FAIL res://world/farm_first_screen.tscn FootSorted/FarmTownLampEast/@Sprite2D@113 anchor=(8.0, 47.0) intended=(0.0, 1.0) actual=(-8.0, -23.0)
OBJECT_ANCHOR_FAIL res://world/farm_first_screen.tscn FootSorted/FarmTownWallWest/@Sprite2D@116 anchor=(16.0, 16.0) intended=(0.0, 2.0) actual=(-16.0, -6.0)
OBJECT_ANCHOR_FAIL res://world/farm_first_screen.tscn FootSorted/FarmTownWallEast/@Sprite2D@119 anchor=(16.0, 16.0) intended=(0.0, 2.0) actual=(-16.0, -6.0)
OBJECT_ANCHOR_FAIL res://world/farm_first_screen.tscn FootSorted/MeadowCherrySouthCenterWest anchor=(56.0, 110.0) intended=(0.0, 0.0) actual=(-56.0, -56.0)
OBJECT_ANCHOR_FAIL res://world/farm_first_screen.tscn FootSorted/MeadowCherrySouthCenter anchor=(56.0, 110.0) intended=(0.0, 0.0) actual=(-56.0, -56.0)
OBJECT_ANCHOR_FAIL res://world/farm_first_screen.tscn FootSorted/MeadowAppleSouthEast anchor=(48.0, 126.0) intended=(0.0, 0.0) actual=(-48.0, -64.0)
OBJECT_ANCHOR_FAIL res://world/farm_first_screen.tscn FootSorted/MeadowBushSouthCenterEast anchor=(32.0, 62.0) intended=(0.0, 0.0) actual=(-32.0, -32.0)
OBJECT_ANCHOR_FAIL res://world/farm_first_screen.tscn FootSorted/MeadowBushSouthEast anchor=(32.0, 62.0) intended=(0.0, 0.0) actual=(-32.0, -32.0)
OBJECT_ANCHOR_FAIL res://world/farm_first_screen.tscn FootSorted/MeadowBushRiverNorth anchor=(32.0, 62.0) intended=(0.0, 0.0) actual=(-32.0, -32.0)
OBJECT_ANCHOR_FAIL res://world/farm_first_screen.tscn FootSorted/MeadowBushRiverSouth anchor=(32.0, 62.0) intended=(0.0, 0.0) actual=(-32.0, -32.0)
OBJECT_ANCHOR_FAIL res://world/village_first_screen.tscn FootSorted/SouthTownGate/Sprite2D anchor=(32.0, 60.0) intended=(0.0, 0.0) actual=(-32.0, -32.0)
OBJECT_ANCHOR_FAIL res://world/village_first_screen.tscn FootSorted/MarketStall00/Sprite2D anchor=(32.0, 46.0) intended=(0.0, 0.0) actual=(-32.0, -24.0)
OBJECT_ANCHOR_FAIL res://world/village_first_screen.tscn FootSorted/MarketStall01/Sprite2D anchor=(32.0, 46.0) intended=(0.0, 0.0) actual=(-32.0, -24.0)
OBJECT_ANCHOR_FAIL res://world/village_first_screen.tscn FootSorted/MarketStallCenterWest/Sprite2D anchor=(32.0, 46.0) intended=(0.0, 0.0) actual=(-32.0, -24.0)
OBJECT_ANCHOR_FAIL res://world/village_first_screen.tscn FootSorted/MarketStallCenterEast/Sprite2D anchor=(32.0, 46.0) intended=(0.0, 0.0) actual=(-32.0, -24.0)
OBJECT_ANCHOR_FAIL res://world/village_first_screen.tscn FootSorted/MarketStall02/Sprite2D anchor=(32.0, 46.0) intended=(0.0, 0.0) actual=(-32.0, -24.0)
OBJECT_ANCHOR_FAIL res://world/village_first_screen.tscn FootSorted/MarketStall03/Sprite2D anchor=(32.0, 46.0) intended=(0.0, 0.0) actual=(-32.0, -24.0)
OBJECT_ANCHOR_FAIL res://world/village_first_screen.tscn FootSorted/NorthTownHouseWest/Sprite2D anchor=(48.0, 93.0) intended=(0.0, -1.0) actual=(-48.0, -49.0)
OBJECT_ANCHOR_FAIL res://world/village_first_screen.tscn FootSorted/NorthTownHouseEast/Sprite2D anchor=(48.0, 93.0) intended=(0.0, -1.0) actual=(-48.0, -49.0)
OBJECT_ANCHOR_FAIL res://world/village_first_screen.tscn FootSorted/SouthTownHouseWest/Sprite2D anchor=(48.0, 93.0) intended=(0.0, -1.0) actual=(-48.0, -49.0)
OBJECT_ANCHOR_FAIL res://world/village_first_screen.tscn FootSorted/SouthTownHouseEast/Sprite2D anchor=(48.0, 93.0) intended=(0.0, -1.0) actual=(-48.0, -49.0)
OBJECT_ANCHOR_FAIL res://world/village_first_screen.tscn FootSorted/MarketLampWest/@Sprite2D@122 anchor=(8.0, 47.0) intended=(0.0, 1.0) actual=(-8.0, -23.0)
OBJECT_ANCHOR_FAIL res://world/village_first_screen.tscn FootSorted/MarketLampEast/@Sprite2D@125 anchor=(8.0, 47.0) intended=(0.0, 1.0) actual=(-8.0, -23.0)
OBJECT_ANCHOR_FAIL res://world/village_first_screen.tscn FootSorted/PlazaBench/@Sprite2D@128 anchor=(20.0, 31.0) intended=(0.0, 1.0) actual=(-20.0, -15.0)
OBJECT_ANCHOR_FAIL res://world/village_first_screen.tscn FootSorted/BlankSign/@Sprite2D@131 anchor=(20.0, 47.0) intended=(0.0, 1.0) actual=(-20.0, -23.0)
OBJECT_ANCHOR_FAIL res://world/village_first_screen.tscn FootSorted/NorthWall_256/@Sprite2D@134 anchor=(16.0, 16.0) intended=(0.0, 2.0) actual=(-16.0, -6.0)
OBJECT_ANCHOR_FAIL res://world/village_first_screen.tscn FootSorted/NorthWall_288/@Sprite2D@137 anchor=(16.0, 16.0) intended=(0.0, 2.0) actual=(-16.0, -6.0)
OBJECT_ANCHOR_FAIL res://world/village_first_screen.tscn FootSorted/NorthWall_960/@Sprite2D@140 anchor=(16.0, 16.0) intended=(0.0, 2.0) actual=(-16.0, -6.0)
OBJECT_ANCHOR_FAIL res://world/village_first_screen.tscn FootSorted/NorthWall_992/@Sprite2D@143 anchor=(16.0, 16.0) intended=(0.0, 2.0) actual=(-16.0, -6.0)
OBJECT_ANCHOR_RESULT checks=141 failures=141
