Godot Engine v4.7.2.stable.official.ed1daf0bf - https://godotengine.org

MAP_EDIT_CHECK true native ground layer
MAP_EDIT_CHECK true separate editable detail layer
MAP_EDIT_CHECK true independent object scene owns collision
MAP_EDIT_OBJECT Farmhouse markers=2
MAP_EDIT_CHECK true moving instance moves its collision by same offset
MAP_EDIT_CHECK true physics collider moves and vacates old footprint edge
MAP_EDIT_CHECK true interaction marker moves with object
MAP_EDIT_CHECK true interaction marker moves with object
MAP_EDIT_CHECK true pack edited copy
MAP_EDIT_CHECK true save edited copy outside tracked world
MAP_EDIT_CHECK true reload saved copy
MAP_EDIT_CHECK true single-cell edit survives runtime ready
MAP_EDIT_CHECK true 4x4 expansion survives save/reload
MAP_EDIT_CHECK true expanded cells stay authored
MAP_EDIT_CHECK true runtime bounds include expanded block
MAP_EDIT_CHECK true camera follows authored expansion space.farm
MAP_EDIT_CHECK true perimeter shape follows extent North
MAP_EDIT_CHECK true actual perimeter collision follows extent North
MAP_EDIT_CHECK true perimeter shape follows extent South
MAP_EDIT_CHECK true actual perimeter collision follows extent South
MAP_EDIT_CHECK true perimeter shape follows extent West
MAP_EDIT_CHECK true actual perimeter collision follows extent West
MAP_EDIT_CHECK true perimeter shape follows extent East
MAP_EDIT_CHECK true actual perimeter collision follows extent East
MAP_EDIT_CHECK true physics movement crosses former perimeter into new block
MAP_EDIT_CHECK true moved object persists
MAP_EDIT_CHECK true moved collision persists
MAP_EDIT_CHECK true moved house marker resolves real door after reload
MAP_EDIT_CHECK true moved interaction marker persists
MAP_EDIT_CHECK true moved interaction marker persists
MAP_EDIT_CHECK true village authored layer TerrainGround
MAP_EDIT_CHECK true village authored layer GroundPaths
MAP_EDIT_CHECK true village authored layer GroundDetails
MAP_EDIT_CHECK true camera follows authored expansion space.village
MAP_EDIT_CHECK true perimeter shape follows extent North
MAP_EDIT_CHECK true actual perimeter collision follows extent North
MAP_EDIT_CHECK true perimeter shape follows extent South
MAP_EDIT_CHECK true actual perimeter collision follows extent South
MAP_EDIT_CHECK true perimeter shape follows extent West
MAP_EDIT_CHECK true actual perimeter collision follows extent West
MAP_EDIT_CHECK true perimeter shape follows extent East
MAP_EDIT_CHECK true actual perimeter collision follows extent East
MAP_EDIT_CHECK true village edited copy saved
MAP_EDIT_CHECK true village edited cell and extension survive runtime reload
MAP_EDIT_CHECK true camera follows authored expansion space.village
MAP_EDIT_CHECK true perimeter shape follows extent North
MAP_EDIT_CHECK true actual perimeter collision follows extent North
MAP_EDIT_CHECK true perimeter shape follows extent South
MAP_EDIT_CHECK true actual perimeter collision follows extent South
MAP_EDIT_CHECK true perimeter shape follows extent West
MAP_EDIT_CHECK true actual perimeter collision follows extent West
MAP_EDIT_CHECK true perimeter shape follows extent East
MAP_EDIT_CHECK true actual perimeter collision follows extent East
MAP_EDITABILITY_RESULT checks=52 failures=0
