Godot Engine v4.7.2.stable.official.ed1daf0bf - https://godotengine.org

MAP_EDIT_CHECK true native ground layer
MAP_EDIT_CHECK true separate editable detail layer
MAP_PLOT_POINT plot.farm.001 (480.0, 320.0)
MAP_PLOT_POINT plot.farm.002 (768.0, 320.0)
MAP_PLOT_POINT plot.farm.003 (1056.0, 320.0)
MAP_PLOT_POINT plot.farm.004 (480.0, 512.0)
MAP_PLOT_COLLIDER plot.farm.004 point=(480.0, 512.0) collider=/root/FarmFirstScreen/FootSorted/YardFenceSouth488/Footprint name=Footprint inside_tree=true global=(488.0, 506.0)
MAP_PLOT_POINT plot.farm.005 (768.0, 512.0)
MAP_PLOT_COLLIDER plot.farm.005 point=(768.0, 512.0) collider=/root/FarmFirstScreen/FootSorted/FieldScarecrow/Footprint name=Footprint inside_tree=true global=(768.0, 508.0)
MAP_PLOT_POINT plot.farm.006 (1056.0, 512.0)
MAP_EDIT_CHECK true independent object scene owns collision
MAP_EDIT_OBJECT Farmhouse markers=4
ERROR: Cannot get path of node as it is not in a scene tree.
   at: get_path (scene/main/node.cpp:2431)
   GDScript backtrace (most recent call first):
       [0] run (res://tests/chapter1_map_editability_test.gd:137)
MAP_EDIT_MOVE_BEFORE object=/root/FarmFirstScreen/Farmhouse pos=(272.0, 480.0) shape= global=(220.0, 464.0) expected=(252.0, 480.0)
ERROR: Cannot get path of node as it is not in a scene tree.
   at: get_path (scene/main/node.cpp:2431)
   GDScript backtrace (most recent call first):
       [0] run (res://tests/chapter1_map_editability_test.gd:139)
MAP_EDIT_CHILD  global=(272.0, 480.0) top_level=false
ERROR: Cannot get path of node as it is not in a scene tree.
   at: get_path (scene/main/node.cpp:2431)
   GDScript backtrace (most recent call first):
       [0] run (res://tests/chapter1_map_editability_test.gd:139)
MAP_EDIT_CHILD  global=(272.0, 480.0) top_level=false
ERROR: Cannot get path of node as it is not in a scene tree.
   at: get_path (scene/main/node.cpp:2431)
   GDScript backtrace (most recent call first):
       [0] run (res://tests/chapter1_map_editability_test.gd:139)
MAP_EDIT_CHILD  global=(220.0, 464.0) top_level=false
ERROR: Cannot get path of node as it is not in a scene tree.
   at: get_path (scene/main/node.cpp:2431)
   GDScript backtrace (most recent call first):
       [0] run (res://tests/chapter1_map_editability_test.gd:139)
MAP_EDIT_CHILD  global=(324.0, 464.0) top_level=false
ERROR: Cannot get path of node as it is not in a scene tree.
   at: get_path (scene/main/node.cpp:2431)
   GDScript backtrace (most recent call first):
       [0] run (res://tests/chapter1_map_editability_test.gd:139)
MAP_EDIT_CHILD  global=(272.0, 452.0) top_level=false
ERROR: Cannot get path of node as it is not in a scene tree.
   at: get_path (scene/main/node.cpp:2431)
   GDScript backtrace (most recent call first):
       [0] run (res://tests/chapter1_map_editability_test.gd:139)
MAP_EDIT_CHILD  global=(272.0, 472.0) top_level=false
ERROR: Cannot get path of node as it is not in a scene tree.
   at: get_path (scene/main/node.cpp:2431)
   GDScript backtrace (most recent call first):
       [0] run (res://tests/chapter1_map_editability_test.gd:139)
MAP_EDIT_CHILD  global=(272.0, 488.0) top_level=false
MAP_EDIT_CHILD /root/FarmFirstScreen/Farmhouse/Sprite2D global=(272.0, 480.0) top_level=false
MAP_EDIT_CHILD /root/FarmFirstScreen/Farmhouse/Roof global=(272.0, 480.0) top_level=false
MAP_EDIT_CHILD /root/FarmFirstScreen/Farmhouse/FootprintLeft global=(220.0, 464.0) top_level=false
MAP_EDIT_CHILD /root/FarmFirstScreen/Farmhouse/FootprintRight global=(324.0, 464.0) top_level=false
MAP_EDIT_CHILD /root/FarmFirstScreen/Farmhouse/DoorThreshold global=(272.0, 452.0) top_level=false
MAP_EDIT_CHILD /root/FarmFirstScreen/Farmhouse/HouseDoorInteract global=(272.0, 472.0) top_level=false
MAP_EDIT_CHILD /root/FarmFirstScreen/Farmhouse/HouseDoorArrival global=(272.0, 488.0) top_level=false
MAP_EDIT_MOVE_AFTER object_pos=(304.0, 496.0) shape_global=(220.0, 464.0)
MAP_EDIT_CHECK false moving instance moves its collision by same offset
MAP_EDITABILITY_FAIL moving instance moves its collision by same offset
MAP_EDIT_CHECK false physics collider moves and vacates old footprint edge
MAP_EDITABILITY_FAIL physics collider moves and vacates old footprint edge
MAP_EDIT_CHECK false interaction marker moves with object
MAP_EDITABILITY_FAIL interaction marker moves with object
MAP_EDIT_CHECK false interaction marker moves with object
MAP_EDITABILITY_FAIL interaction marker moves with object
MAP_EDIT_CHECK true interaction marker moves with object
MAP_EDIT_CHECK true interaction marker moves with object
MAP_EDIT_CHECK true pack edited copy
MAP_EDIT_CHECK true save edited copy outside tracked world
MAP_EDIT_CHECK true reload saved copy
MAP_EDIT_CHECK true single-cell edit survives runtime ready
MAP_EDIT_CHECK true 4x4 expansion survives save/reload
MAP_EDIT_CHECK true expanded cells stay authored
MAP_EDIT_CHECK true runtime bounds include expanded block
MAP_EDIT_CHECK true camera follows authored expansion space.farm
MAP_EDIT_CHECK true perimeter shape follows extent North
MAP_EDIT_CHECK true actual perimeter collision follows extent North
MAP_EDIT_CHECK true perimeter shape follows extent South
MAP_EDIT_CHECK true actual perimeter collision follows extent South
MAP_EDIT_CHECK true perimeter shape follows extent West
MAP_EDIT_CHECK true actual perimeter collision follows extent West
MAP_EDIT_CHECK true perimeter shape follows extent East
MAP_EDIT_CHECK true actual perimeter collision follows extent East
MAP_EDIT_CHECK true physics movement crosses former perimeter into new block
MAP_EDIT_CHECK true moved object persists
MAP_EDIT_CHECK true moved collision persists
MAP_EDIT_CHECK true moved house marker resolves real door after reload
MAP_EDIT_CHECK true moved interaction marker persists
MAP_EDIT_CHECK true moved interaction marker persists
MAP_EDIT_CHECK true village authored layer TerrainGround
MAP_EDIT_CHECK true village authored layer GroundPaths
MAP_EDIT_CHECK true village authored layer GroundDetails
MAP_EDIT_CHECK true camera follows authored expansion space.village
MAP_EDIT_CHECK true perimeter shape follows extent North
MAP_EDIT_CHECK true actual perimeter collision follows extent North
MAP_EDIT_CHECK true perimeter shape follows extent South
MAP_EDIT_CHECK true actual perimeter collision follows extent South
MAP_EDIT_CHECK true perimeter shape follows extent West
MAP_EDIT_CHECK true actual perimeter collision follows extent West
MAP_EDIT_CHECK true perimeter shape follows extent East
MAP_EDIT_CHECK true actual perimeter collision follows extent East
MAP_EDIT_CHECK true village edited copy saved
MAP_EDIT_CHECK true village edited cell and extension survive runtime reload
MAP_EDIT_CHECK true camera follows authored expansion space.village
MAP_EDIT_CHECK true perimeter shape follows extent North
MAP_EDIT_CHECK true actual perimeter collision follows extent North
MAP_EDIT_CHECK true perimeter shape follows extent South
MAP_EDIT_CHECK true actual perimeter collision follows extent South
MAP_EDIT_CHECK true perimeter shape follows extent West
MAP_EDIT_CHECK true actual perimeter collision follows extent West
MAP_EDIT_CHECK true perimeter shape follows extent East
MAP_EDIT_CHECK true actual perimeter collision follows extent East
MAP_EDITABILITY_RESULT checks=54 failures=4
WARNING: 660 RIDs of type "CanvasItem" were leaked.
   at: _free_rids (servers/rendering/renderer_canvas_cull.cpp:2735)
WARNING: 756 ObjectDB instances were leaked at exit (run with `--verbose` for details).
   at: cleanup (core/object/object.cpp:2536)
ERROR: 63 resources still in use at exit (run with --verbose for details).
   at: clear (core/io/resource.cpp:822)
ERROR: 117 RID allocations of type 'P11GodotBody2D' were leaked at exit.
ERROR: 23 RID allocations of type 'P12GodotShape2D' were leaked at exit.
ERROR: 33 RID allocations of type 'PN13RendererDummy14TextureStorage12DummyTextureE' were leaked at exit.
